<!doctype html public "-//w3c//dtd html 4.0 transitional//en">
<html><head>
<title>Static Call Graph - [.\cm3.axf]</title></head>
<body><HR>
<H1>Static Call Graph for image .\cm3.axf</H1><HR>
<BR><P>#&#060CALLGRAPH&#062# ARM Linker, 5060960: Last Updated: Fri Apr 02 22:55:02 2021
<BR><P>
<H3>Maximum Stack Usage =         48 bytes + Unknown(Untraceable Function Pointers)</H3><H3>
Call chain for Maximum Stack Depth:</H3>
SystemInit &rArr; uart_init
<P>
<H3>
Function Pointers
</H3><UL>
 <LI><a href="#[4]">BusFault_Handler</a> from startup_cm3ds.o(.text) referenced from startup_cm3ds.o(RESET)
 <LI><a href="#[7]">DebugMon_Handler</a> from startup_cm3ds.o(.text) referenced from startup_cm3ds.o(RESET)
 <LI><a href="#[2]">HardFault_Handler</a> from startup_cm3ds.o(.text) referenced from startup_cm3ds.o(RESET)
 <LI><a href="#[d]">KEY_Handler</a> from startup_cm3ds.o(.text) referenced from startup_cm3ds.o(RESET)
 <LI><a href="#[3]">MemManage_Handler</a> from startup_cm3ds.o(.text) referenced from startup_cm3ds.o(RESET)
 <LI><a href="#[1]">NMI_Handler</a> from startup_cm3ds.o(.text) referenced from startup_cm3ds.o(RESET)
 <LI><a href="#[8]">PendSV_Handler</a> from startup_cm3ds.o(.text) referenced from startup_cm3ds.o(RESET)
 <LI><a href="#[0]">Reset_Handler</a> from startup_cm3ds.o(.text) referenced from startup_cm3ds.o(RESET)
 <LI><a href="#[6]">SVC_Handler</a> from startup_cm3ds.o(.text) referenced from startup_cm3ds.o(RESET)
 <LI><a href="#[9]">SysTick_Handler</a> from startup_cm3ds.o(.text) referenced from startup_cm3ds.o(RESET)
 <LI><a href="#[f]">SystemInit</a> from system.o(i.SystemInit) referenced from startup_cm3ds.o(.text)
 <LI><a href="#[c]">UARTOVR_Handler</a> from startup_cm3ds.o(.text) referenced from startup_cm3ds.o(RESET)
 <LI><a href="#[a]">UARTRX_Handler</a> from startup_cm3ds.o(.text) referenced from startup_cm3ds.o(RESET)
 <LI><a href="#[b]">UARTTX_Handler</a> from startup_cm3ds.o(.text) referenced from startup_cm3ds.o(RESET)
 <LI><a href="#[5]">UsageFault_Handler</a> from startup_cm3ds.o(.text) referenced from startup_cm3ds.o(RESET)
 <LI><a href="#[10]">__main</a> from entry.o(.ARM.Collect$$$$00000000) referenced from startup_cm3ds.o(.text)
 <LI><a href="#[11]">fputc</a> from retarget.o(i.fputc) referenced from printfb.o(i.__0printf$bare)
 <LI><a href="#[e]">main</a> from main.o(i.main) referenced from entry9a.o(.ARM.Collect$$$$0000000B)
</UL>
<P>
<H3>
Global Symbols
</H3>
<P><STRONG><a name="[10]"></a>__main</STRONG> (Thumb, 0 bytes, Stack size unknown bytes, entry.o(.ARM.Collect$$$$00000000))
<BR>[Address Reference Count : 1]<UL><LI> startup_cm3ds.o(.text)
</UL>
<P><STRONG><a name="[2e]"></a>_main_stk</STRONG> (Thumb, 0 bytes, Stack size unknown bytes, entry2.o(.ARM.Collect$$$$00000001))

<P><STRONG><a name="[12]"></a>_main_scatterload</STRONG> (Thumb, 0 bytes, Stack size unknown bytes, entry5.o(.ARM.Collect$$$$00000004))
<BR><BR>[Calls]<UL><LI><a href="#[13]">&gt;&gt;</a>&nbsp;&nbsp;&nbsp;__scatterload
</UL>

<P><STRONG><a name="[21]"></a>__main_after_scatterload</STRONG> (Thumb, 0 bytes, Stack size unknown bytes, entry5.o(.ARM.Collect$$$$00000004))
<BR><BR>[Called By]<UL><LI><a href="#[13]">&gt;&gt;</a>&nbsp;&nbsp;&nbsp;__scatterload
</UL>

<P><STRONG><a name="[2f]"></a>_main_clock</STRONG> (Thumb, 0 bytes, Stack size unknown bytes, entry7b.o(.ARM.Collect$$$$00000008))

<P><STRONG><a name="[30]"></a>_main_cpp_init</STRONG> (Thumb, 0 bytes, Stack size unknown bytes, entry8b.o(.ARM.Collect$$$$0000000A))

<P><STRONG><a name="[31]"></a>_main_init</STRONG> (Thumb, 0 bytes, Stack size unknown bytes, entry9a.o(.ARM.Collect$$$$0000000B))

<P><STRONG><a name="[32]"></a>__rt_lib_shutdown_fini</STRONG> (Thumb, 0 bytes, Stack size unknown bytes, entry12b.o(.ARM.Collect$$$$0000000E))

<P><STRONG><a name="[33]"></a>__rt_final_cpp</STRONG> (Thumb, 0 bytes, Stack size unknown bytes, entry10a.o(.ARM.Collect$$$$0000000F))

<P><STRONG><a name="[34]"></a>__rt_final_exit</STRONG> (Thumb, 0 bytes, Stack size unknown bytes, entry11a.o(.ARM.Collect$$$$00000011))

<P><STRONG><a name="[0]"></a>Reset_Handler</STRONG> (Thumb, 8 bytes, Stack size 0 bytes, startup_cm3ds.o(.text))
<BR>[Address Reference Count : 1]<UL><LI> startup_cm3ds.o(RESET)
</UL>
<P><STRONG><a name="[1]"></a>NMI_Handler</STRONG> (Thumb, 8 bytes, Stack size 0 bytes, startup_cm3ds.o(.text))
<BR><BR>[Calls]<UL><LI><a href="#[14]">&gt;&gt;</a>&nbsp;&nbsp;&nbsp;NMIHandler
</UL>
<BR>[Address Reference Count : 1]<UL><LI> startup_cm3ds.o(RESET)
</UL>
<P><STRONG><a name="[2]"></a>HardFault_Handler</STRONG> (Thumb, 8 bytes, Stack size 0 bytes, startup_cm3ds.o(.text))
<BR><BR>[Calls]<UL><LI><a href="#[15]">&gt;&gt;</a>&nbsp;&nbsp;&nbsp;HardFaultHandler
</UL>
<BR>[Address Reference Count : 1]<UL><LI> startup_cm3ds.o(RESET)
</UL>
<P><STRONG><a name="[3]"></a>MemManage_Handler</STRONG> (Thumb, 8 bytes, Stack size 0 bytes, startup_cm3ds.o(.text))
<BR><BR>[Calls]<UL><LI><a href="#[16]">&gt;&gt;</a>&nbsp;&nbsp;&nbsp;MemManageHandler
</UL>
<BR>[Address Reference Count : 1]<UL><LI> startup_cm3ds.o(RESET)
</UL>
<P><STRONG><a name="[4]"></a>BusFault_Handler</STRONG> (Thumb, 8 bytes, Stack size 0 bytes, startup_cm3ds.o(.text))
<BR><BR>[Calls]<UL><LI><a href="#[17]">&gt;&gt;</a>&nbsp;&nbsp;&nbsp;BusFaultHandler
</UL>
<BR>[Address Reference Count : 1]<UL><LI> startup_cm3ds.o(RESET)
</UL>
<P><STRONG><a name="[5]"></a>UsageFault_Handler</STRONG> (Thumb, 8 bytes, Stack size 0 bytes, startup_cm3ds.o(.text))
<BR><BR>[Calls]<UL><LI><a href="#[18]">&gt;&gt;</a>&nbsp;&nbsp;&nbsp;UsageFaultHandler
</UL>
<BR>[Address Reference Count : 1]<UL><LI> startup_cm3ds.o(RESET)
</UL>
<P><STRONG><a name="[6]"></a>SVC_Handler</STRONG> (Thumb, 8 bytes, Stack size 0 bytes, startup_cm3ds.o(.text))
<BR><BR>[Calls]<UL><LI><a href="#[19]">&gt;&gt;</a>&nbsp;&nbsp;&nbsp;SVCHandler
</UL>
<BR>[Address Reference Count : 1]<UL><LI> startup_cm3ds.o(RESET)
</UL>
<P><STRONG><a name="[7]"></a>DebugMon_Handler</STRONG> (Thumb, 8 bytes, Stack size 0 bytes, startup_cm3ds.o(.text))
<BR><BR>[Calls]<UL><LI><a href="#[1a]">&gt;&gt;</a>&nbsp;&nbsp;&nbsp;DebugMonHandler
</UL>
<BR>[Address Reference Count : 1]<UL><LI> startup_cm3ds.o(RESET)
</UL>
<P><STRONG><a name="[8]"></a>PendSV_Handler</STRONG> (Thumb, 8 bytes, Stack size 0 bytes, startup_cm3ds.o(.text))
<BR><BR>[Calls]<UL><LI><a href="#[1b]">&gt;&gt;</a>&nbsp;&nbsp;&nbsp;PendSVHandler
</UL>
<BR>[Address Reference Count : 1]<UL><LI> startup_cm3ds.o(RESET)
</UL>
<P><STRONG><a name="[9]"></a>SysTick_Handler</STRONG> (Thumb, 8 bytes, Stack size 0 bytes, startup_cm3ds.o(.text))
<BR><BR>[Stack]<UL><LI>Max Depth = 8<LI>Call Chain = SysTick_Handler &rArr; SysTickHandler
</UL>
<BR>[Calls]<UL><LI><a href="#[1c]">&gt;&gt;</a>&nbsp;&nbsp;&nbsp;SysTickHandler
</UL>
<BR>[Address Reference Count : 1]<UL><LI> startup_cm3ds.o(RESET)
</UL>
<P><STRONG><a name="[a]"></a>UARTRX_Handler</STRONG> (Thumb, 8 bytes, Stack size 0 bytes, startup_cm3ds.o(.text))
<BR><BR>[Calls]<UL><LI><a href="#[1d]">&gt;&gt;</a>&nbsp;&nbsp;&nbsp;UARTRXHandler
</UL>
<BR>[Address Reference Count : 1]<UL><LI> startup_cm3ds.o(RESET)
</UL>
<P><STRONG><a name="[b]"></a>UARTTX_Handler</STRONG> (Thumb, 8 bytes, Stack size 0 bytes, startup_cm3ds.o(.text))
<BR><BR>[Calls]<UL><LI><a href="#[1e]">&gt;&gt;</a>&nbsp;&nbsp;&nbsp;UARTTXHandler
</UL>
<BR>[Address Reference Count : 1]<UL><LI> startup_cm3ds.o(RESET)
</UL>
<P><STRONG><a name="[c]"></a>UARTOVR_Handler</STRONG> (Thumb, 8 bytes, Stack size 0 bytes, startup_cm3ds.o(.text))
<BR><BR>[Calls]<UL><LI><a href="#[1f]">&gt;&gt;</a>&nbsp;&nbsp;&nbsp;UARTOVRHandler
</UL>
<BR>[Address Reference Count : 1]<UL><LI> startup_cm3ds.o(RESET)
</UL>
<P><STRONG><a name="[d]"></a>KEY_Handler</STRONG> (Thumb, 8 bytes, Stack size 0 bytes, startup_cm3ds.o(.text))
<BR><BR>[Stack]<UL><LI>Max Depth = 8<LI>Call Chain = KEY_Handler &rArr; KEYHandler
</UL>
<BR>[Calls]<UL><LI><a href="#[20]">&gt;&gt;</a>&nbsp;&nbsp;&nbsp;KEYHandler
</UL>
<BR>[Address Reference Count : 1]<UL><LI> startup_cm3ds.o(RESET)
</UL>
<P><STRONG><a name="[13]"></a>__scatterload</STRONG> (Thumb, 28 bytes, Stack size 0 bytes, init.o(.text))
<BR><BR>[Calls]<UL><LI><a href="#[21]">&gt;&gt;</a>&nbsp;&nbsp;&nbsp;__main_after_scatterload
</UL>
<BR>[Called By]<UL><LI><a href="#[12]">&gt;&gt;</a>&nbsp;&nbsp;&nbsp;_main_scatterload
</UL>

<P><STRONG><a name="[35]"></a>__scatterload_rt2</STRONG> (Thumb, 0 bytes, Stack size 0 bytes, init.o(.text), UNUSED)

<P><STRONG><a name="[17]"></a>BusFaultHandler</STRONG> (Thumb, 2 bytes, Stack size 0 bytes, handler.o(i.BusFaultHandler))
<BR><BR>[Called By]<UL><LI><a href="#[4]">&gt;&gt;</a>&nbsp;&nbsp;&nbsp;BusFault_Handler
</UL>

<P><STRONG><a name="[1a]"></a>DebugMonHandler</STRONG> (Thumb, 2 bytes, Stack size 0 bytes, handler.o(i.DebugMonHandler))
<BR><BR>[Called By]<UL><LI><a href="#[7]">&gt;&gt;</a>&nbsp;&nbsp;&nbsp;DebugMon_Handler
</UL>

<P><STRONG><a name="[15]"></a>HardFaultHandler</STRONG> (Thumb, 2 bytes, Stack size 0 bytes, handler.o(i.HardFaultHandler))
<BR><BR>[Called By]<UL><LI><a href="#[2]">&gt;&gt;</a>&nbsp;&nbsp;&nbsp;HardFault_Handler
</UL>

<P><STRONG><a name="[20]"></a>KEYHandler</STRONG> (Thumb, 10 bytes, Stack size 8 bytes, handler.o(i.KEYHandler))
<BR><BR>[Stack]<UL><LI>Max Depth = 8<LI>Call Chain = KEYHandler
</UL>
<BR>[Calls]<UL><LI><a href="#[22]">&gt;&gt;</a>&nbsp;&nbsp;&nbsp;__2printf
</UL>
<BR>[Called By]<UL><LI><a href="#[d]">&gt;&gt;</a>&nbsp;&nbsp;&nbsp;KEY_Handler
</UL>

<P><STRONG><a name="[16]"></a>MemManageHandler</STRONG> (Thumb, 2 bytes, Stack size 0 bytes, handler.o(i.MemManageHandler))
<BR><BR>[Called By]<UL><LI><a href="#[3]">&gt;&gt;</a>&nbsp;&nbsp;&nbsp;MemManage_Handler
</UL>

<P><STRONG><a name="[14]"></a>NMIHandler</STRONG> (Thumb, 2 bytes, Stack size 0 bytes, handler.o(i.NMIHandler))
<BR><BR>[Called By]<UL><LI><a href="#[1]">&gt;&gt;</a>&nbsp;&nbsp;&nbsp;NMI_Handler
</UL>

<P><STRONG><a name="[1b]"></a>PendSVHandler</STRONG> (Thumb, 2 bytes, Stack size 0 bytes, handler.o(i.PendSVHandler))
<BR><BR>[Called By]<UL><LI><a href="#[8]">&gt;&gt;</a>&nbsp;&nbsp;&nbsp;PendSV_Handler
</UL>

<P><STRONG><a name="[19]"></a>SVCHandler</STRONG> (Thumb, 2 bytes, Stack size 0 bytes, handler.o(i.SVCHandler))
<BR><BR>[Called By]<UL><LI><a href="#[6]">&gt;&gt;</a>&nbsp;&nbsp;&nbsp;SVC_Handler
</UL>

<P><STRONG><a name="[23]"></a>Set_SysTick_CTRL</STRONG> (Thumb, 8 bytes, Stack size 0 bytes, cortexm3_driver.o(i.Set_SysTick_CTRL))
<BR><BR>[Called By]<UL><LI><a href="#[1c]">&gt;&gt;</a>&nbsp;&nbsp;&nbsp;SysTickHandler
<LI><a href="#[28]">&gt;&gt;</a>&nbsp;&nbsp;&nbsp;delay
</UL>

<P><STRONG><a name="[29]"></a>Set_SysTick_LOAD</STRONG> (Thumb, 8 bytes, Stack size 0 bytes, cortexm3_driver.o(i.Set_SysTick_LOAD))
<BR><BR>[Called By]<UL><LI><a href="#[28]">&gt;&gt;</a>&nbsp;&nbsp;&nbsp;delay
</UL>

<P><STRONG><a name="[2a]"></a>Set_SysTick_VALUE</STRONG> (Thumb, 8 bytes, Stack size 0 bytes, cortexm3_driver.o(i.Set_SysTick_VALUE))
<BR><BR>[Called By]<UL><LI><a href="#[28]">&gt;&gt;</a>&nbsp;&nbsp;&nbsp;delay
</UL>

<P><STRONG><a name="[1c]"></a>SysTickHandler</STRONG> (Thumb, 22 bytes, Stack size 8 bytes, handler.o(i.SysTickHandler))
<BR><BR>[Stack]<UL><LI>Max Depth = 8<LI>Call Chain = SysTickHandler
</UL>
<BR>[Calls]<UL><LI><a href="#[23]">&gt;&gt;</a>&nbsp;&nbsp;&nbsp;Set_SysTick_CTRL
</UL>
<BR>[Called By]<UL><LI><a href="#[9]">&gt;&gt;</a>&nbsp;&nbsp;&nbsp;SysTick_Handler
</UL>

<P><STRONG><a name="[f]"></a>SystemInit</STRONG> (Thumb, 58 bytes, Stack size 24 bytes, system.o(i.SystemInit))
<BR><BR>[Stack]<UL><LI>Max Depth = 48<LI>Call Chain = SystemInit &rArr; uart_init
</UL>
<BR>[Calls]<UL><LI><a href="#[24]">&gt;&gt;</a>&nbsp;&nbsp;&nbsp;NVIC_EnableIRQ
<LI><a href="#[25]">&gt;&gt;</a>&nbsp;&nbsp;&nbsp;uart_init
</UL>
<BR>[Address Reference Count : 1]<UL><LI> startup_cm3ds.o(.text)
</UL>
<P><STRONG><a name="[1f]"></a>UARTOVRHandler</STRONG> (Thumb, 2 bytes, Stack size 0 bytes, handler.o(i.UARTOVRHandler))
<BR><BR>[Called By]<UL><LI><a href="#[c]">&gt;&gt;</a>&nbsp;&nbsp;&nbsp;UARTOVR_Handler
</UL>

<P><STRONG><a name="[1d]"></a>UARTRXHandler</STRONG> (Thumb, 2 bytes, Stack size 0 bytes, handler.o(i.UARTRXHandler))
<BR><BR>[Called By]<UL><LI><a href="#[a]">&gt;&gt;</a>&nbsp;&nbsp;&nbsp;UARTRX_Handler
</UL>

<P><STRONG><a name="[1e]"></a>UARTTXHandler</STRONG> (Thumb, 2 bytes, Stack size 0 bytes, handler.o(i.UARTTXHandler))
<BR><BR>[Called By]<UL><LI><a href="#[b]">&gt;&gt;</a>&nbsp;&nbsp;&nbsp;UARTTX_Handler
</UL>

<P><STRONG><a name="[18]"></a>UsageFaultHandler</STRONG> (Thumb, 2 bytes, Stack size 0 bytes, handler.o(i.UsageFaultHandler))
<BR><BR>[Called By]<UL><LI><a href="#[5]">&gt;&gt;</a>&nbsp;&nbsp;&nbsp;UsageFault_Handler
</UL>

<P><STRONG><a name="[26]"></a>__0printf$bare</STRONG> (Thumb, 8 bytes, Stack size 0 bytes, printfb.o(i.__0printf$bare), UNUSED)
<BR><BR>[Calls]<UL><LI><a href="#[27]">&gt;&gt;</a>&nbsp;&nbsp;&nbsp;_printf_core
</UL>

<P><STRONG><a name="[36]"></a>__1printf$bare</STRONG> (Thumb, 0 bytes, Stack size 0 bytes, printfb.o(i.__0printf$bare), UNUSED)

<P><STRONG><a name="[22]"></a>__2printf</STRONG> (Thumb, 0 bytes, Stack size 0 bytes, printfb.o(i.__0printf$bare))
<BR><BR>[Called By]<UL><LI><a href="#[e]">&gt;&gt;</a>&nbsp;&nbsp;&nbsp;main
<LI><a href="#[20]">&gt;&gt;</a>&nbsp;&nbsp;&nbsp;KEYHandler
</UL>

<P><STRONG><a name="[37]"></a>__scatterload_copy</STRONG> (Thumb, 14 bytes, Stack size unknown bytes, handlers.o(i.__scatterload_copy), UNUSED)

<P><STRONG><a name="[38]"></a>__scatterload_null</STRONG> (Thumb, 2 bytes, Stack size unknown bytes, handlers.o(i.__scatterload_null), UNUSED)

<P><STRONG><a name="[39]"></a>__scatterload_zeroinit</STRONG> (Thumb, 14 bytes, Stack size unknown bytes, handlers.o(i.__scatterload_zeroinit), UNUSED)

<P><STRONG><a name="[28]"></a>delay</STRONG> (Thumb, 32 bytes, Stack size 4 bytes, cortexm3_driver.o(i.delay))
<BR><BR>[Stack]<UL><LI>Max Depth = 4<LI>Call Chain = delay
</UL>
<BR>[Calls]<UL><LI><a href="#[2a]">&gt;&gt;</a>&nbsp;&nbsp;&nbsp;Set_SysTick_VALUE
<LI><a href="#[29]">&gt;&gt;</a>&nbsp;&nbsp;&nbsp;Set_SysTick_LOAD
<LI><a href="#[23]">&gt;&gt;</a>&nbsp;&nbsp;&nbsp;Set_SysTick_CTRL
</UL>
<BR>[Called By]<UL><LI><a href="#[2b]">&gt;&gt;</a>&nbsp;&nbsp;&nbsp;delay_1ms
</UL>

<P><STRONG><a name="[2b]"></a>delay_1ms</STRONG> (Thumb, 12 bytes, Stack size 4 bytes, cortexm3_driver.o(i.delay_1ms))
<BR><BR>[Stack]<UL><LI>Max Depth = 8<LI>Call Chain = delay_1ms &rArr; delay
</UL>
<BR>[Calls]<UL><LI><a href="#[28]">&gt;&gt;</a>&nbsp;&nbsp;&nbsp;delay
</UL>
<BR>[Called By]<UL><LI><a href="#[e]">&gt;&gt;</a>&nbsp;&nbsp;&nbsp;main
</UL>

<P><STRONG><a name="[11]"></a>fputc</STRONG> (Thumb, 32 bytes, Stack size 16 bytes, retarget.o(i.fputc))
<BR><BR>[Stack]<UL><LI>Max Depth = 16<LI>Call Chain = fputc
</UL>
<BR>[Calls]<UL><LI><a href="#[2c]">&gt;&gt;</a>&nbsp;&nbsp;&nbsp;uart_SendChar
</UL>
<BR>[Address Reference Count : 1]<UL><LI> printfb.o(i.__0printf$bare)
</UL>
<P><STRONG><a name="[e]"></a>main</STRONG> (Thumb, 78 bytes, Stack size 0 bytes, main.o(i.main))
<BR><BR>[Stack]<UL><LI>Max Depth = 8<LI>Call Chain = main &rArr; delay_1ms &rArr; delay
</UL>
<BR>[Calls]<UL><LI><a href="#[22]">&gt;&gt;</a>&nbsp;&nbsp;&nbsp;__2printf
<LI><a href="#[2d]">&gt;&gt;</a>&nbsp;&nbsp;&nbsp;send2LED
<LI><a href="#[2b]">&gt;&gt;</a>&nbsp;&nbsp;&nbsp;delay_1ms
</UL>
<BR>[Address Reference Count : 1]<UL><LI> entry9a.o(.ARM.Collect$$$$0000000B)
</UL>
<P><STRONG><a name="[2d]"></a>send2LED</STRONG> (Thumb, 6 bytes, Stack size 0 bytes, cortexm3_driver.o(i.send2LED))
<BR><BR>[Called By]<UL><LI><a href="#[e]">&gt;&gt;</a>&nbsp;&nbsp;&nbsp;main
</UL>

<P><STRONG><a name="[2c]"></a>uart_SendChar</STRONG> (Thumb, 20 bytes, Stack size 0 bytes, cortexm3_driver.o(i.uart_SendChar))
<BR><BR>[Called By]<UL><LI><a href="#[11]">&gt;&gt;</a>&nbsp;&nbsp;&nbsp;fputc
</UL>

<P><STRONG><a name="[25]"></a>uart_init</STRONG> (Thumb, 88 bytes, Stack size 24 bytes, cortexm3_driver.o(i.uart_init))
<BR><BR>[Stack]<UL><LI>Max Depth = 24<LI>Call Chain = uart_init
</UL>
<BR>[Called By]<UL><LI><a href="#[f]">&gt;&gt;</a>&nbsp;&nbsp;&nbsp;SystemInit
</UL>
<P>
<H3>
Local Symbols
</H3>
<P><STRONG><a name="[24]"></a>NVIC_EnableIRQ</STRONG> (Thumb, 22 bytes, Stack size 0 bytes, system.o(i.NVIC_EnableIRQ))
<BR><BR>[Called By]<UL><LI><a href="#[f]">&gt;&gt;</a>&nbsp;&nbsp;&nbsp;SystemInit
</UL>

<P><STRONG><a name="[27]"></a>_printf_core</STRONG> (Thumb, 34 bytes, Stack size 24 bytes, printfb.o(i._printf_core), UNUSED)
<BR><BR>[Called By]<UL><LI><a href="#[26]">&gt;&gt;</a>&nbsp;&nbsp;&nbsp;__0printf$bare
</UL>
<P>
<H3>
Undefined Global Symbols
</H3><HR></body></html>
