<html>
<body>
<pre>
<h1>µVision Build Log</h1>
<h2>Tool Versions:</h2>
IDE-Version: ¦ÌVision V5.33.0.0
Copyright (C) 2020 ARM Ltd and ARM Germany GmbH. All rights reserved.
License Information: s ss, s, LIC=UJWP0-BJ2PM-30ENC-7YXRX-HME3P-BX9ZI
 
Tool Versions:
Toolchain:       MDK-ARM Plus  Version: 5.33.0.0
Toolchain Path:  C:\software\keil5\ARM\ARMCC\Bin
C Compiler:      Armcc.exe V5.06 update 7 (build 960)
Assembler:       Armasm.exe V5.06 update 7 (build 960)
Linker/Locator:  ArmLink.exe V5.06 update 7 (build 960)
Library Manager: ArmAr.exe V5.06 update 7 (build 960)
Hex Converter:   FromElf.exe V5.06 update 7 (build 960)
CPU DLL:         SARMCM3.DLL V5.33.0.0
Dialog DLL:      DCM.DLL V1.17.3.0
Target DLL:      Segger\JL2CM3.dll V2.99.15.0
Dialog DLL:      TCM.DLL V1.48.0.0
 
<h2>Project:</h2>
C:\Users\84308\Desktop\my_CortexM3\Keil\cm3.uvprojx
Project File Date:  03/31/2021

<h2>Output:</h2>
*** Using Compiler 'V5.06 update 7 (build 960)', folder: 'C:\software\keil5\ARM\ARMCC\Bin'
Build target 'Target 1'
compiling main.c...
..\Software\CortexM3_driver.h(93): warning:  #1295-D: Deprecated declaration delay_1ms - give arg types
  extern void delay_1ms();
..\Software\main.c(5): warning:  #144-D: a value of type "int" cannot be used to initialize an entity of type "uint32_t *"
  uint32_t* hdmi_0 = 0x40003000;
..\Software\main.c(5): warning:  #152-D: conversion of nonzero integer to pointer
  uint32_t* hdmi_0 = 0x40003000;
..\Software\main.c(6): warning:  #144-D: a value of type "int" cannot be used to initialize an entity of type "uint32_t *"
  uint32_t* hdmi_1 = 0x40003004;
..\Software\main.c(6): warning:  #152-D: conversion of nonzero integer to pointer
  uint32_t* hdmi_1 = 0x40003004;
..\Software\main.c(7): warning:  #144-D: a value of type "int" cannot be used to initialize an entity of type "uint32_t *"
  uint32_t* hdmi_2 = 0x40003008;
..\Software\main.c(7): warning:  #152-D: conversion of nonzero integer to pointer
  uint32_t* hdmi_2 = 0x40003008;
..\Software\main.c(8): warning:  #144-D: a value of type "int" cannot be used to initialize an entity of type "uint32_t *"
  uint32_t* hdmi_3 = 0x4000300c;
..\Software\main.c(8): warning:  #152-D: conversion of nonzero integer to pointer
  uint32_t* hdmi_3 = 0x4000300c;
..\Software\main.c(9): warning:  #144-D: a value of type "int" cannot be used to initialize an entity of type "uint32_t *"
  uint32_t* addr_hdmi = 0x40003000;
..\Software\main.c(9): warning:  #152-D: conversion of nonzero integer to pointer
  uint32_t* addr_hdmi = 0x40003000;
..\Software\main.c(15): warning:  #223-D: function "printf" declared implicitly
  	printf("***********************\n");
..\Software\main.c: 12 warnings, 0 errors
linking...
Program Size: Code=1364 RO-data=112 RW-data=48 ZI-data=32768  
After Build - User command #1: fromelf -cvf .\cm3.axf --vhx --32x1 -o image.hex
After Build - User command #2: fromelf -cvf .\cm3.axf -o image.txt
".\cm3.axf" - 0 Error(s), 12 Warning(s).

<h2>Software Packages used:</h2>

Package Vendor: Keil
                http://www.keil.com/pack/Keil.V2M-MPS2_CMx_BSP.1.7.0.pack
                Keil.V2M-MPS2_CMx_BSP.1.7.0
                ARM V2M-MPS2 Board Support PACK for Cortex-M System Design Kit Devices

<h2>Collection of Component include folders:</h2>
  C:\Users\84308\AppData\Local\Arm\Packs\Keil\V2M-MPS2_CMx_BSP\1.7.0\Device\CMSDK_CM3\Include

<h2>Collection of Component Files used:</h2>
Build Time Elapsed:  00:00:01
</pre>
</body>
</html>
