<html>
<body>
<pre>
<h1>µVision Build Log</h1>
<h2>Tool Versions:</h2>
IDE-Version: ¦ÌVision V5.33.0.0
Copyright (C) 2020 ARM Ltd and ARM Germany GmbH. All rights reserved.
License Information: s ss, s, LIC=UJWP0-BJ2PM-30ENC-7YXRX-HME3P-BX9ZI
 
Tool Versions:
Toolchain:       MDK-ARM Plus  Version: 5.33.0.0
Toolchain Path:  C:\software\keil5\ARM\ARMCC\Bin
C Compiler:      Armcc.exe V5.06 update 7 (build 960)
Assembler:       Armasm.exe V5.06 update 7 (build 960)
Linker/Locator:  ArmLink.exe V5.06 update 7 (build 960)
Library Manager: ArmAr.exe V5.06 update 7 (build 960)
Hex Converter:   FromElf.exe V5.06 update 7 (build 960)
CPU DLL:         SARMCM3.DLL V5.33.0.0
Dialog DLL:      DCM.DLL V1.17.3.0
Target DLL:      Segger\JL2CM3.dll V2.99.15.0
Dialog DLL:      TCM.DLL V1.48.0.0
 
<h2>Project:</h2>
C:\Users\84308\Desktop\my_CortexM3\Keil\cm3.uvprojx
Project File Date:  03/31/2021

<h2>Output:</h2>
*** Using Compiler 'V5.06 update 7 (build 960)', folder: 'C:\software\keil5\ARM\ARMCC\Bin'
Rebuild target 'Target 1'
compiling handler.c...
..\Software\CortexM3.h(143): warning:  #1-D: last line of file ends without a newline
  #endif
..\Software\handler.c(36): warning:  #223-D: function "Set_SysTick_CTRL" declared implicitly
      Set_SysTick_CTRL(0);
..\Software\handler.c: 2 warnings, 0 errors
compiling main.c...
..\Software\CortexM3.h(143): warning:  #1-D: last line of file ends without a newline
  #endif
..\Software\main.c(13): warning:  #223-D: function "printf" declared implicitly
  	printf("***********************\n");
..\Software\main.c: 2 warnings, 0 errors
compiling CortexM3_driver.c...
..\Software\CortexM3.h(143): warning:  #1-D: last line of file ends without a newline
  #endif
..\Software\CortexM3_driver.c: 1 warning, 0 errors
assembling startup_CM3DS.s...
compiling Retarget.c...
..\Software\CortexM3.h(143): warning:  #1-D: last line of file ends without a newline
  #endif
..\Software\Retarget.c(28): warning:  #223-D: function "uart_SendChar" declared implicitly
    if(ch == '\n') uart_SendChar(UART,'\r');
..\Software\Retarget.c(29): warning:  #223-D: function "uart_SendChar" declared implicitly
    uart_SendChar(UART,ch);
..\Software\Retarget.c(35): warning:  #223-D: function "uart_ReceiveChar" declared implicitly
    buf = uart_ReceiveChar(UART);
..\Software\Retarget.c(36): warning:  #223-D: function "uart_SendChar" declared implicitly
    uart_SendChar(UART,buf);
..\Software\Retarget.c(49): warning:  #223-D: function "uart_SendChar" declared implicitly
    uart_SendChar(UART,ch);
..\Software\Retarget.c: 6 warnings, 0 errors
compiling system.c...
..\Software\CortexM3.h(143): warning:  #1-D: last line of file ends without a newline
  #endif
..\Software\system.c(52): warning:  #223-D: function "uart_init" declared implicitly
    uart_init ( UART, (SystemCoreClock / 115200), 1,1,0,0,0,0 );
..\Software\system.c: 2 warnings, 0 errors
linking...
Program Size: Code=1132 RO-data=108 RW-data=12 ZI-data=32772  
After Build - User command #1: fromelf -cvf .\cm3.axf --vhx --32x1 -o image.hex
After Build - User command #2: fromelf -cvf .\cm3.axf -o image.txt
".\cm3.axf" - 0 Error(s), 13 Warning(s).

<h2>Software Packages used:</h2>

Package Vendor: Keil
                http://www.keil.com/pack/Keil.V2M-MPS2_CMx_BSP.1.7.0.pack
                Keil.V2M-MPS2_CMx_BSP.1.7.0
                ARM V2M-MPS2 Board Support PACK for Cortex-M System Design Kit Devices

<h2>Collection of Component include folders:</h2>
  C:\Users\84308\AppData\Local\Arm\Packs\Keil\V2M-MPS2_CMx_BSP\1.7.0\Device\CMSDK_CM3\Include

<h2>Collection of Component Files used:</h2>
Build Time Elapsed:  00:00:03
</pre>
</body>
</html>
