#-----------------------------------------------------------
# Vivado v2018.3 (64-bit)
# SW Build 2405991 on Thu Dec  6 23:38:27 MST 2018
# IP Build 2404404 on Fri Dec  7 01:43:56 MST 2018
# Start of session at: Thu Mar 25 10:45:14 2021
# Process ID: 13892
# Current directory: C:/Users/84308/Desktop/my_CortexM3/vivado_demo
# Command line: vivado.exe -gui_launcher_event rodinguilauncherevent1104 C:\Users\84308\Desktop\my_CortexM3\vivado_demo\CortexM3.xpr
# Log file: C:/Users/84308/Desktop/my_CortexM3/vivado_demo/vivado.log
# Journal file: C:/Users/84308/Desktop/my_CortexM3/vivado_demo\vivado.jou
#-----------------------------------------------------------
start_gui
open_project C:/Users/84308/Desktop/my_CortexM3/vivado_demo/CortexM3.xpr
update_compile_order -fileset sources_1
launch_runs impl_1 -to_step write_bitstream -jobs 4
wait_on_run impl_1
export_ip_user_files -of_objects  [get_files C:/Users/84308/Desktop/my_CortexM3/RTL/bus/sys_ahb/L1AhbMtx/L1AhbMtx_lite.v] -no_script -reset -force -quiet
remove_files  C:/Users/84308/Desktop/my_CortexM3/RTL/bus/sys_ahb/L1AhbMtx/L1AhbMtx_lite.v
export_ip_user_files -of_objects  [get_files C:/Users/84308/Desktop/my_CortexM3/RTL/bus/sys_ahb/L2AhbMtx/L2AhbMtx_lite.v] -no_script -reset -force -quiet
remove_files  C:/Users/84308/Desktop/my_CortexM3/RTL/bus/sys_ahb/L2AhbMtx/L2AhbMtx_lite.v
open_hw
connect_hw_server
open_hw_target
set_property PROGRAM.FILE {C:/Users/84308/Desktop/my_CortexM3/vivado_demo/CortexM3.runs/impl_1/CortexM3.bit} [get_hw_devices xc7z020_1]
current_hw_device [get_hw_devices xc7z020_1]
refresh_hw_device -update_hw_probes false [lindex [get_hw_devices xc7z020_1] 0]
set_property PROBES.FILE {} [get_hw_devices xc7z020_1]
set_property FULL_PROBES.FILE {} [get_hw_devices xc7z020_1]
set_property PROGRAM.FILE {C:/Users/84308/Desktop/my_CortexM3/vivado_demo/CortexM3.runs/impl_1/CortexM3.bit} [get_hw_devices xc7z020_1]
program_hw_devices [get_hw_devices xc7z020_1]
refresh_hw_device [lindex [get_hw_devices xc7z020_1] 0]
open_run impl_1
close_design
synth_design -rtl -name rtl_1
