Component: ARM Compiler 5.06 update 7 (build 960) Tool: armlink [4d3601]

==============================================================================

Section Cross References

    cortexm3_driver.o(i.delay) refers to cortexm3_driver.o(i.Set_SysTick_CTRL) for Set_SysTick_CTRL
    cortexm3_driver.o(i.delay) refers to cortexm3_driver.o(i.Set_SysTick_LOAD) for Set_SysTick_LOAD
    cortexm3_driver.o(i.delay) refers to cortexm3_driver.o(i.Set_SysTick_VALUE) for Set_SysTick_VALUE
    cortexm3_driver.o(i.delay_1ms) refers to cortexm3_driver.o(i.delay) for delay
    cortexm3_driver.o(i.uart_SendString) refers to strlen.o(.text) for strlen
    cortexm3_driver.o(i.uart_SendString) refers to cortexm3_driver.o(i.uart_SendChar) for uart_SendChar
    handler.o(i.KEYHandler) refers to printfb.o(i.__0printf$bare) for __2printf
    handler.o(i.KEYHandler) refers to main.o(.data) for disp_flag
    handler.o(i.SysTickHandler) refers to cortexm3_driver.o(i.Set_SysTick_CTRL) for Set_SysTick_CTRL
    main.o(i.main) refers to printfb.o(i.__0printf$bare) for __2printf
    main.o(i.main) refers to cortexm3_driver.o(i.send2LED) for send2LED
    main.o(i.main) refers to cortexm3_driver.o(i.change_threshold) for change_threshold
    main.o(i.main) refers to cortexm3_driver.o(i.disp_choice) for disp_choice
    main.o(i.main) refers to cortexm3_driver.o(i.delay_1ms) for delay_1ms
    main.o(i.main) refers to main.o(.data) for disp_flag
    retarget.o(i._ttywrch) refers to cortexm3_driver.o(i.uart_SendChar) for uart_SendChar
    retarget.o(i.fgetc) refers to cortexm3_driver.o(i.uart_ReceiveChar) for uart_ReceiveChar
    retarget.o(i.fgetc) refers to cortexm3_driver.o(i.uart_SendChar) for uart_SendChar
    retarget.o(i.fputc) refers to cortexm3_driver.o(i.uart_SendChar) for uart_SendChar
    startup_cm3ds.o(RESET) refers to startup_cm3ds.o(STACK) for __initial_sp
    startup_cm3ds.o(RESET) refers to startup_cm3ds.o(.text) for Reset_Handler
    startup_cm3ds.o(.text) refers to handler.o(i.NMIHandler) for NMIHandler
    startup_cm3ds.o(.text) refers to handler.o(i.HardFaultHandler) for HardFaultHandler
    startup_cm3ds.o(.text) refers to handler.o(i.MemManageHandler) for MemManageHandler
    startup_cm3ds.o(.text) refers to handler.o(i.BusFaultHandler) for BusFaultHandler
    startup_cm3ds.o(.text) refers to handler.o(i.UsageFaultHandler) for UsageFaultHandler
    startup_cm3ds.o(.text) refers to handler.o(i.SVCHandler) for SVCHandler
    startup_cm3ds.o(.text) refers to handler.o(i.DebugMonHandler) for DebugMonHandler
    startup_cm3ds.o(.text) refers to handler.o(i.PendSVHandler) for PendSVHandler
    startup_cm3ds.o(.text) refers to handler.o(i.SysTickHandler) for SysTickHandler
    startup_cm3ds.o(.text) refers to handler.o(i.UARTRXHandler) for UARTRXHandler
    startup_cm3ds.o(.text) refers to handler.o(i.UARTTXHandler) for UARTTXHandler
    startup_cm3ds.o(.text) refers to handler.o(i.UARTOVRHandler) for UARTOVRHandler
    startup_cm3ds.o(.text) refers to handler.o(i.KEYHandler) for KEYHandler
    startup_cm3ds.o(.text) refers to system.o(i.SystemInit) for SystemInit
    startup_cm3ds.o(.text) refers to entry.o(.ARM.Collect$$$$00000000) for __main
    system.o(i.SystemCoreClockUpdate) refers to system.o(.data) for SystemCoreClock
    system.o(i.SystemInit) refers to system.o(i.NVIC_EnableIRQ) for NVIC_EnableIRQ
    system.o(i.SystemInit) refers to cortexm3_driver.o(i.uart_init) for uart_init
    system.o(i.SystemInit) refers to system.o(.data) for SystemCoreClock
    entry.o(.ARM.Collect$$$$00000000) refers (Special) to entry10a.o(.ARM.Collect$$$$0000000F) for __rt_final_cpp
    entry.o(.ARM.Collect$$$$00000000) refers (Special) to entry11a.o(.ARM.Collect$$$$00000011) for __rt_final_exit
    entry.o(.ARM.Collect$$$$00000000) refers (Special) to entry12b.o(.ARM.Collect$$$$0000000E) for __rt_lib_shutdown_fini
    entry.o(.ARM.Collect$$$$00000000) refers (Special) to entry7b.o(.ARM.Collect$$$$00000008) for _main_clock
    entry.o(.ARM.Collect$$$$00000000) refers (Special) to entry8b.o(.ARM.Collect$$$$0000000A) for _main_cpp_init
    entry.o(.ARM.Collect$$$$00000000) refers (Special) to entry9a.o(.ARM.Collect$$$$0000000B) for _main_init
    entry.o(.ARM.Collect$$$$00000000) refers (Special) to entry5.o(.ARM.Collect$$$$00000004) for _main_scatterload
    entry.o(.ARM.Collect$$$$00000000) refers (Special) to entry2.o(.ARM.Collect$$$$00000001) for _main_stk
    printfb.o(i.__0fprintf$bare) refers to printfb.o(i._printf_core) for _printf_core
    printfb.o(i.__0fprintf$bare) refers to retarget.o(i.fputc) for fputc
    printfb.o(i.__0printf$bare) refers to printfb.o(i._printf_core) for _printf_core
    printfb.o(i.__0printf$bare) refers to retarget.o(i.fputc) for fputc
    printfb.o(i.__0printf$bare) refers to retarget.o(.data) for __stdout
    printfb.o(i.__0snprintf$bare) refers to printfb.o(i._printf_core) for _printf_core
    printfb.o(i.__0snprintf$bare) refers to printfb.o(i._snputc) for _snputc
    printfb.o(i.__0sprintf$bare) refers to printfb.o(i._printf_core) for _printf_core
    printfb.o(i.__0sprintf$bare) refers to printfb.o(i._sputc) for _sputc
    printfb.o(i.__0vfprintf$bare) refers to printfb.o(i._printf_core) for _printf_core
    printfb.o(i.__0vfprintf$bare) refers to retarget.o(i.fputc) for fputc
    printfb.o(i.__0vprintf$bare) refers to printfb.o(i._printf_core) for _printf_core
    printfb.o(i.__0vprintf$bare) refers to retarget.o(i.fputc) for fputc
    printfb.o(i.__0vprintf$bare) refers to retarget.o(.data) for __stdout
    printfb.o(i.__0vsnprintf$bare) refers to printfb.o(i._printf_core) for _printf_core
    printfb.o(i.__0vsnprintf$bare) refers to printfb.o(i._snputc) for _snputc
    printfb.o(i.__0vsprintf$bare) refers to printfb.o(i._printf_core) for _printf_core
    printfb.o(i.__0vsprintf$bare) refers to printfb.o(i._sputc) for _sputc
    printf0.o(i.__0fprintf$0) refers to printf0.o(i._printf_core) for _printf_core
    printf0.o(i.__0fprintf$0) refers to retarget.o(i.fputc) for fputc
    printf0.o(i.__0printf$0) refers to printf0.o(i._printf_core) for _printf_core
    printf0.o(i.__0printf$0) refers to retarget.o(i.fputc) for fputc
    printf0.o(i.__0printf$0) refers to retarget.o(.data) for __stdout
    printf0.o(i.__0snprintf$0) refers to printf0.o(i._printf_core) for _printf_core
    printf0.o(i.__0snprintf$0) refers to printf0.o(i._snputc) for _snputc
    printf0.o(i.__0sprintf$0) refers to printf0.o(i._printf_core) for _printf_core
    printf0.o(i.__0sprintf$0) refers to printf0.o(i._sputc) for _sputc
    printf0.o(i.__0vfprintf$0) refers to printf0.o(i._printf_core) for _printf_core
    printf0.o(i.__0vfprintf$0) refers to retarget.o(i.fputc) for fputc
    printf0.o(i.__0vprintf$0) refers to printf0.o(i._printf_core) for _printf_core
    printf0.o(i.__0vprintf$0) refers to retarget.o(i.fputc) for fputc
    printf0.o(i.__0vprintf$0) refers to retarget.o(.data) for __stdout
    printf0.o(i.__0vsnprintf$0) refers to printf0.o(i._printf_core) for _printf_core
    printf0.o(i.__0vsnprintf$0) refers to printf0.o(i._snputc) for _snputc
    printf0.o(i.__0vsprintf$0) refers to printf0.o(i._printf_core) for _printf_core
    printf0.o(i.__0vsprintf$0) refers to printf0.o(i._sputc) for _sputc
    printf1.o(i.__0fprintf$1) refers to printf1.o(i._printf_core) for _printf_core
    printf1.o(i.__0fprintf$1) refers to retarget.o(i.fputc) for fputc
    printf1.o(i.__0printf$1) refers to printf1.o(i._printf_core) for _printf_core
    printf1.o(i.__0printf$1) refers to retarget.o(i.fputc) for fputc
    printf1.o(i.__0printf$1) refers to retarget.o(.data) for __stdout
    printf1.o(i.__0snprintf$1) refers to printf1.o(i._printf_core) for _printf_core
    printf1.o(i.__0snprintf$1) refers to printf1.o(i._snputc) for _snputc
    printf1.o(i.__0sprintf$1) refers to printf1.o(i._printf_core) for _printf_core
    printf1.o(i.__0sprintf$1) refers to printf1.o(i._sputc) for _sputc
    printf1.o(i.__0vfprintf$1) refers to printf1.o(i._printf_core) for _printf_core
    printf1.o(i.__0vfprintf$1) refers to retarget.o(i.fputc) for fputc
    printf1.o(i.__0vprintf$1) refers to printf1.o(i._printf_core) for _printf_core
    printf1.o(i.__0vprintf$1) refers to retarget.o(i.fputc) for fputc
    printf1.o(i.__0vprintf$1) refers to retarget.o(.data) for __stdout
    printf1.o(i.__0vsnprintf$1) refers to printf1.o(i._printf_core) for _printf_core
    printf1.o(i.__0vsnprintf$1) refers to printf1.o(i._snputc) for _snputc
    printf1.o(i.__0vsprintf$1) refers to printf1.o(i._printf_core) for _printf_core
    printf1.o(i.__0vsprintf$1) refers to printf1.o(i._sputc) for _sputc
    printf1.o(i._printf_core) refers to uidiv.o(.text) for __aeabi_uidivmod
    printf2.o(i.__0fprintf$2) refers to printf2.o(i._printf_core) for _printf_core
    printf2.o(i.__0fprintf$2) refers to retarget.o(i.fputc) for fputc
    printf2.o(i.__0printf$2) refers to printf2.o(i._printf_core) for _printf_core
    printf2.o(i.__0printf$2) refers to retarget.o(i.fputc) for fputc
    printf2.o(i.__0printf$2) refers to retarget.o(.data) for __stdout
    printf2.o(i.__0snprintf$2) refers to printf2.o(i._printf_core) for _printf_core
    printf2.o(i.__0snprintf$2) refers to printf2.o(i._snputc) for _snputc
    printf2.o(i.__0sprintf$2) refers to printf2.o(i._printf_core) for _printf_core
    printf2.o(i.__0sprintf$2) refers to printf2.o(i._sputc) for _sputc
    printf2.o(i.__0vfprintf$2) refers to printf2.o(i._printf_core) for _printf_core
    printf2.o(i.__0vfprintf$2) refers to retarget.o(i.fputc) for fputc
    printf2.o(i.__0vprintf$2) refers to printf2.o(i._printf_core) for _printf_core
    printf2.o(i.__0vprintf$2) refers to retarget.o(i.fputc) for fputc
    printf2.o(i.__0vprintf$2) refers to retarget.o(.data) for __stdout
    printf2.o(i.__0vsnprintf$2) refers to printf2.o(i._printf_core) for _printf_core
    printf2.o(i.__0vsnprintf$2) refers to printf2.o(i._snputc) for _snputc
    printf2.o(i.__0vsprintf$2) refers to printf2.o(i._printf_core) for _printf_core
    printf2.o(i.__0vsprintf$2) refers to printf2.o(i._sputc) for _sputc
    printf3.o(i.__0fprintf$3) refers to printf3.o(i._printf_core) for _printf_core
    printf3.o(i.__0fprintf$3) refers to retarget.o(i.fputc) for fputc
    printf3.o(i.__0printf$3) refers to printf3.o(i._printf_core) for _printf_core
    printf3.o(i.__0printf$3) refers to retarget.o(i.fputc) for fputc
    printf3.o(i.__0printf$3) refers to retarget.o(.data) for __stdout
    printf3.o(i.__0snprintf$3) refers to printf3.o(i._printf_core) for _printf_core
    printf3.o(i.__0snprintf$3) refers to printf3.o(i._snputc) for _snputc
    printf3.o(i.__0sprintf$3) refers to printf3.o(i._printf_core) for _printf_core
    printf3.o(i.__0sprintf$3) refers to printf3.o(i._sputc) for _sputc
    printf3.o(i.__0vfprintf$3) refers to printf3.o(i._printf_core) for _printf_core
    printf3.o(i.__0vfprintf$3) refers to retarget.o(i.fputc) for fputc
    printf3.o(i.__0vprintf$3) refers to printf3.o(i._printf_core) for _printf_core
    printf3.o(i.__0vprintf$3) refers to retarget.o(i.fputc) for fputc
    printf3.o(i.__0vprintf$3) refers to retarget.o(.data) for __stdout
    printf3.o(i.__0vsnprintf$3) refers to printf3.o(i._printf_core) for _printf_core
    printf3.o(i.__0vsnprintf$3) refers to printf3.o(i._snputc) for _snputc
    printf3.o(i.__0vsprintf$3) refers to printf3.o(i._printf_core) for _printf_core
    printf3.o(i.__0vsprintf$3) refers to printf3.o(i._sputc) for _sputc
    printf3.o(i._printf_core) refers to uidiv.o(.text) for __aeabi_uidivmod
    printf4.o(i.__0fprintf$4) refers to printf4.o(i._printf_core) for _printf_core
    printf4.o(i.__0fprintf$4) refers to retarget.o(i.fputc) for fputc
    printf4.o(i.__0printf$4) refers to printf4.o(i._printf_core) for _printf_core
    printf4.o(i.__0printf$4) refers to retarget.o(i.fputc) for fputc
    printf4.o(i.__0printf$4) refers to retarget.o(.data) for __stdout
    printf4.o(i.__0snprintf$4) refers to printf4.o(i._printf_core) for _printf_core
    printf4.o(i.__0snprintf$4) refers to printf4.o(i._snputc) for _snputc
    printf4.o(i.__0sprintf$4) refers to printf4.o(i._printf_core) for _printf_core
    printf4.o(i.__0sprintf$4) refers to printf4.o(i._sputc) for _sputc
    printf4.o(i.__0vfprintf$4) refers to printf4.o(i._printf_core) for _printf_core
    printf4.o(i.__0vfprintf$4) refers to retarget.o(i.fputc) for fputc
    printf4.o(i.__0vprintf$4) refers to printf4.o(i._printf_core) for _printf_core
    printf4.o(i.__0vprintf$4) refers to retarget.o(i.fputc) for fputc
    printf4.o(i.__0vprintf$4) refers to retarget.o(.data) for __stdout
    printf4.o(i.__0vsnprintf$4) refers to printf4.o(i._printf_core) for _printf_core
    printf4.o(i.__0vsnprintf$4) refers to printf4.o(i._snputc) for _snputc
    printf4.o(i.__0vsprintf$4) refers to printf4.o(i._printf_core) for _printf_core
    printf4.o(i.__0vsprintf$4) refers to printf4.o(i._sputc) for _sputc
    printf4.o(i._printf_core) refers to uldiv.o(.text) for __aeabi_uldivmod
    printf5.o(i.__0fprintf$5) refers to printf5.o(i._printf_core) for _printf_core
    printf5.o(i.__0fprintf$5) refers to retarget.o(i.fputc) for fputc
    printf5.o(i.__0printf$5) refers to printf5.o(i._printf_core) for _printf_core
    printf5.o(i.__0printf$5) refers to retarget.o(i.fputc) for fputc
    printf5.o(i.__0printf$5) refers to retarget.o(.data) for __stdout
    printf5.o(i.__0snprintf$5) refers to printf5.o(i._printf_core) for _printf_core
    printf5.o(i.__0snprintf$5) refers to printf5.o(i._snputc) for _snputc
    printf5.o(i.__0sprintf$5) refers to printf5.o(i._printf_core) for _printf_core
    printf5.o(i.__0sprintf$5) refers to printf5.o(i._sputc) for _sputc
    printf5.o(i.__0vfprintf$5) refers to printf5.o(i._printf_core) for _printf_core
    printf5.o(i.__0vfprintf$5) refers to retarget.o(i.fputc) for fputc
    printf5.o(i.__0vprintf$5) refers to printf5.o(i._printf_core) for _printf_core
    printf5.o(i.__0vprintf$5) refers to retarget.o(i.fputc) for fputc
    printf5.o(i.__0vprintf$5) refers to retarget.o(.data) for __stdout
    printf5.o(i.__0vsnprintf$5) refers to printf5.o(i._printf_core) for _printf_core
    printf5.o(i.__0vsnprintf$5) refers to printf5.o(i._snputc) for _snputc
    printf5.o(i.__0vsprintf$5) refers to printf5.o(i._printf_core) for _printf_core
    printf5.o(i.__0vsprintf$5) refers to printf5.o(i._sputc) for _sputc
    printf5.o(i._printf_core) refers to uldiv.o(.text) for __aeabi_uldivmod
    printf6.o(i.__0fprintf$6) refers to printf6.o(i._printf_core) for _printf_core
    printf6.o(i.__0fprintf$6) refers to retarget.o(i.fputc) for fputc
    printf6.o(i.__0printf$6) refers to printf6.o(i._printf_core) for _printf_core
    printf6.o(i.__0printf$6) refers to retarget.o(i.fputc) for fputc
    printf6.o(i.__0printf$6) refers to retarget.o(.data) for __stdout
    printf6.o(i.__0snprintf$6) refers to printf6.o(i._printf_core) for _printf_core
    printf6.o(i.__0snprintf$6) refers to printf6.o(i._snputc) for _snputc
    printf6.o(i.__0sprintf$6) refers to printf6.o(i._printf_core) for _printf_core
    printf6.o(i.__0sprintf$6) refers to printf6.o(i._sputc) for _sputc
    printf6.o(i.__0vfprintf$6) refers to printf6.o(i._printf_core) for _printf_core
    printf6.o(i.__0vfprintf$6) refers to retarget.o(i.fputc) for fputc
    printf6.o(i.__0vprintf$6) refers to printf6.o(i._printf_core) for _printf_core
    printf6.o(i.__0vprintf$6) refers to retarget.o(i.fputc) for fputc
    printf6.o(i.__0vprintf$6) refers to retarget.o(.data) for __stdout
    printf6.o(i.__0vsnprintf$6) refers to printf6.o(i._printf_core) for _printf_core
    printf6.o(i.__0vsnprintf$6) refers to printf6.o(i._snputc) for _snputc
    printf6.o(i.__0vsprintf$6) refers to printf6.o(i._printf_core) for _printf_core
    printf6.o(i.__0vsprintf$6) refers to printf6.o(i._sputc) for _sputc
    printf6.o(i._printf_core) refers to printf6.o(i._printf_pre_padding) for _printf_pre_padding
    printf6.o(i._printf_core) refers to uidiv.o(.text) for __aeabi_uidivmod
    printf6.o(i._printf_core) refers to printf6.o(i._printf_post_padding) for _printf_post_padding
    printf7.o(i.__0fprintf$7) refers to printf7.o(i._printf_core) for _printf_core
    printf7.o(i.__0fprintf$7) refers to retarget.o(i.fputc) for fputc
    printf7.o(i.__0printf$7) refers to printf7.o(i._printf_core) for _printf_core
    printf7.o(i.__0printf$7) refers to retarget.o(i.fputc) for fputc
    printf7.o(i.__0printf$7) refers to retarget.o(.data) for __stdout
    printf7.o(i.__0snprintf$7) refers to printf7.o(i._printf_core) for _printf_core
    printf7.o(i.__0snprintf$7) refers to printf7.o(i._snputc) for _snputc
    printf7.o(i.__0sprintf$7) refers to printf7.o(i._printf_core) for _printf_core
    printf7.o(i.__0sprintf$7) refers to printf7.o(i._sputc) for _sputc
    printf7.o(i.__0vfprintf$7) refers to printf7.o(i._printf_core) for _printf_core
    printf7.o(i.__0vfprintf$7) refers to retarget.o(i.fputc) for fputc
    printf7.o(i.__0vprintf$7) refers to printf7.o(i._printf_core) for _printf_core
    printf7.o(i.__0vprintf$7) refers to retarget.o(i.fputc) for fputc
    printf7.o(i.__0vprintf$7) refers to retarget.o(.data) for __stdout
    printf7.o(i.__0vsnprintf$7) refers to printf7.o(i._printf_core) for _printf_core
    printf7.o(i.__0vsnprintf$7) refers to printf7.o(i._snputc) for _snputc
    printf7.o(i.__0vsprintf$7) refers to printf7.o(i._printf_core) for _printf_core
    printf7.o(i.__0vsprintf$7) refers to printf7.o(i._sputc) for _sputc
    printf7.o(i._printf_core) refers to printf7.o(i._printf_pre_padding) for _printf_pre_padding
    printf7.o(i._printf_core) refers to uldiv.o(.text) for __aeabi_uldivmod
    printf7.o(i._printf_core) refers to printf7.o(i._printf_post_padding) for _printf_post_padding
    printf8.o(i.__0fprintf$8) refers to printf8.o(i._printf_core) for _printf_core
    printf8.o(i.__0fprintf$8) refers to retarget.o(i.fputc) for fputc
    printf8.o(i.__0printf$8) refers to printf8.o(i._printf_core) for _printf_core
    printf8.o(i.__0printf$8) refers to retarget.o(i.fputc) for fputc
    printf8.o(i.__0printf$8) refers to retarget.o(.data) for __stdout
    printf8.o(i.__0snprintf$8) refers to printf8.o(i._printf_core) for _printf_core
    printf8.o(i.__0snprintf$8) refers to printf8.o(i._snputc) for _snputc
    printf8.o(i.__0sprintf$8) refers to printf8.o(i._printf_core) for _printf_core
    printf8.o(i.__0sprintf$8) refers to printf8.o(i._sputc) for _sputc
    printf8.o(i.__0vfprintf$8) refers to printf8.o(i._printf_core) for _printf_core
    printf8.o(i.__0vfprintf$8) refers to retarget.o(i.fputc) for fputc
    printf8.o(i.__0vprintf$8) refers to printf8.o(i._printf_core) for _printf_core
    printf8.o(i.__0vprintf$8) refers to retarget.o(i.fputc) for fputc
    printf8.o(i.__0vprintf$8) refers to retarget.o(.data) for __stdout
    printf8.o(i.__0vsnprintf$8) refers to printf8.o(i._printf_core) for _printf_core
    printf8.o(i.__0vsnprintf$8) refers to printf8.o(i._snputc) for _snputc
    printf8.o(i.__0vsprintf$8) refers to printf8.o(i._printf_core) for _printf_core
    printf8.o(i.__0vsprintf$8) refers to printf8.o(i._sputc) for _sputc
    printf8.o(i._printf_core) refers to printf8.o(i._printf_pre_padding) for _printf_pre_padding
    printf8.o(i._printf_core) refers to uldiv.o(.text) for __aeabi_uldivmod
    printf8.o(i._printf_core) refers to printf8.o(i._printf_post_padding) for _printf_post_padding
    printfa.o(i.__0fprintf) refers (Special) to iusefp.o(.text) for __I$use$fp
    printfa.o(i.__0fprintf) refers to printfa.o(i._printf_core) for _printf_core
    printfa.o(i.__0fprintf) refers to retarget.o(i.fputc) for fputc
    printfa.o(i.__0printf) refers (Special) to iusefp.o(.text) for __I$use$fp
    printfa.o(i.__0printf) refers to printfa.o(i._printf_core) for _printf_core
    printfa.o(i.__0printf) refers to retarget.o(i.fputc) for fputc
    printfa.o(i.__0printf) refers to retarget.o(.data) for __stdout
    printfa.o(i.__0snprintf) refers (Special) to iusefp.o(.text) for __I$use$fp
    printfa.o(i.__0snprintf) refers to printfa.o(i._printf_core) for _printf_core
    printfa.o(i.__0snprintf) refers to printfa.o(i._snputc) for _snputc
    printfa.o(i.__0sprintf) refers (Special) to iusefp.o(.text) for __I$use$fp
    printfa.o(i.__0sprintf) refers to printfa.o(i._printf_core) for _printf_core
    printfa.o(i.__0sprintf) refers to printfa.o(i._sputc) for _sputc
    printfa.o(i.__0vfprintf) refers (Special) to iusefp.o(.text) for __I$use$fp
    printfa.o(i.__0vfprintf) refers to printfa.o(i._printf_core) for _printf_core
    printfa.o(i.__0vfprintf) refers to retarget.o(i.fputc) for fputc
    printfa.o(i.__0vprintf) refers (Special) to iusefp.o(.text) for __I$use$fp
    printfa.o(i.__0vprintf) refers to printfa.o(i._printf_core) for _printf_core
    printfa.o(i.__0vprintf) refers to retarget.o(i.fputc) for fputc
    printfa.o(i.__0vprintf) refers to retarget.o(.data) for __stdout
    printfa.o(i.__0vsnprintf) refers (Special) to iusefp.o(.text) for __I$use$fp
    printfa.o(i.__0vsnprintf) refers to printfa.o(i._printf_core) for _printf_core
    printfa.o(i.__0vsnprintf) refers to printfa.o(i._snputc) for _snputc
    printfa.o(i.__0vsprintf) refers (Special) to iusefp.o(.text) for __I$use$fp
    printfa.o(i.__0vsprintf) refers to printfa.o(i._printf_core) for _printf_core
    printfa.o(i.__0vsprintf) refers to printfa.o(i._sputc) for _sputc
    printfa.o(i._fp_digits) refers (Special) to iusefp.o(.text) for __I$use$fp
    printfa.o(i._fp_digits) refers to dmul.o(.text) for __aeabi_dmul
    printfa.o(i._fp_digits) refers to ddiv.o(.text) for __aeabi_ddiv
    printfa.o(i._fp_digits) refers to cdrcmple.o(.text) for __aeabi_cdrcmple
    printfa.o(i._fp_digits) refers to dadd.o(.text) for __aeabi_dadd
    printfa.o(i._fp_digits) refers to dfixul.o(.text) for __aeabi_d2ulz
    printfa.o(i._fp_digits) refers to uldiv.o(.text) for __aeabi_uldivmod
    printfa.o(i._printf_core) refers (Special) to iusefp.o(.text) for __I$use$fp
    printfa.o(i._printf_core) refers to printfa.o(i._printf_pre_padding) for _printf_pre_padding
    printfa.o(i._printf_core) refers to uldiv.o(.text) for __aeabi_uldivmod
    printfa.o(i._printf_core) refers to printfa.o(i._printf_post_padding) for _printf_post_padding
    printfa.o(i._printf_core) refers to printfa.o(i._fp_digits) for _fp_digits
    printfa.o(i._printf_core) refers to uidiv.o(.text) for __aeabi_uidivmod
    printfa.o(i._printf_post_padding) refers (Special) to iusefp.o(.text) for __I$use$fp
    printfa.o(i._printf_pre_padding) refers (Special) to iusefp.o(.text) for __I$use$fp
    printfa.o(i._snputc) refers (Special) to iusefp.o(.text) for __I$use$fp
    printfa.o(i._sputc) refers (Special) to iusefp.o(.text) for __I$use$fp
    entry2.o(.ARM.Collect$$$$00000001) refers to entry2.o(.ARM.Collect$$$$00002712) for __lit__00000000
    entry2.o(.ARM.Collect$$$$00002712) refers to startup_cm3ds.o(STACK) for __initial_sp
    entry2.o(__vectab_stack_and_reset_area) refers to startup_cm3ds.o(STACK) for __initial_sp
    entry2.o(__vectab_stack_and_reset_area) refers to entry.o(.ARM.Collect$$$$00000000) for __main
    entry5.o(.ARM.Collect$$$$00000004) refers to init.o(.text) for __scatterload
    entry9a.o(.ARM.Collect$$$$0000000B) refers to main.o(i.main) for main
    entry9b.o(.ARM.Collect$$$$0000000C) refers to main.o(i.main) for main
    uldiv.o(.text) refers to llushr.o(.text) for __aeabi_llsr
    uldiv.o(.text) refers to llshl.o(.text) for __aeabi_llsl
    dadd.o(.text) refers to llshl.o(.text) for __aeabi_llsl
    dadd.o(.text) refers to llsshr.o(.text) for __aeabi_lasr
    dadd.o(.text) refers to depilogue.o(.text) for _double_epilogue
    dmul.o(.text) refers to depilogue.o(.text) for _double_epilogue
    ddiv.o(.text) refers to depilogue.o(.text) for _double_round
    dfixul.o(.text) refers to llushr.o(.text) for __aeabi_llsr
    dfixul.o(.text) refers to llshl.o(.text) for __aeabi_llsl
    init.o(.text) refers to entry5.o(.ARM.Collect$$$$00000004) for __main_after_scatterload
    depilogue.o(.text) refers to llshl.o(.text) for __aeabi_llsl
    depilogue.o(.text) refers to llushr.o(.text) for __aeabi_llsr


==============================================================================

Removing Unused input sections from the image.

    Removing cortexm3_driver.o(.rev16_text), (4 bytes).
    Removing cortexm3_driver.o(.revsh_text), (4 bytes).
    Removing cortexm3_driver.o(i.Read_SysTick_VALUE), (8 bytes).
    Removing cortexm3_driver.o(i.Timer_Ini), (42 bytes).
    Removing cortexm3_driver.o(i.Timer_Stop), (28 bytes).
    Removing cortexm3_driver.o(i.uart_ClearOverrunStatus), (14 bytes).
    Removing cortexm3_driver.o(i.uart_ClearRxIRQ), (6 bytes).
    Removing cortexm3_driver.o(i.uart_ClearTxIRQ), (6 bytes).
    Removing cortexm3_driver.o(i.uart_GetBaudDivider), (6 bytes).
    Removing cortexm3_driver.o(i.uart_GetOverrunStatus), (10 bytes).
    Removing cortexm3_driver.o(i.uart_GetRxBufferFull), (10 bytes).
    Removing cortexm3_driver.o(i.uart_GetRxIRQStatus), (10 bytes).
    Removing cortexm3_driver.o(i.uart_GetTxBufferFull), (10 bytes).
    Removing cortexm3_driver.o(i.uart_GetTxIRQStatus), (10 bytes).
    Removing cortexm3_driver.o(i.uart_ReceiveChar), (20 bytes).
    Removing cortexm3_driver.o(i.uart_SendString), (34 bytes).
    Removing handler.o(.rev16_text), (4 bytes).
    Removing handler.o(.revsh_text), (4 bytes).
    Removing main.o(.rev16_text), (4 bytes).
    Removing main.o(.revsh_text), (4 bytes).
    Removing retarget.o(.rev16_text), (4 bytes).
    Removing retarget.o(.revsh_text), (4 bytes).
    Removing retarget.o(i._sys_exit), (4 bytes).
    Removing retarget.o(i._ttywrch), (16 bytes).
    Removing retarget.o(i.ferror), (8 bytes).
    Removing retarget.o(i.fgetc), (34 bytes).
    Removing startup_cm3ds.o(HEAP), (32768 bytes).
    Removing system.o(.rev16_text), (4 bytes).
    Removing system.o(.revsh_text), (4 bytes).
    Removing system.o(i.SystemCoreClockUpdate), (16 bytes).
    Removing dadd.o(.text), (334 bytes).
    Removing dmul.o(.text), (228 bytes).
    Removing ddiv.o(.text), (222 bytes).
    Removing dfixul.o(.text), (48 bytes).
    Removing cdrcmple.o(.text), (48 bytes).
    Removing depilogue.o(.text), (186 bytes).

36 unused section(s) (total 34166 bytes) removed from the image.

==============================================================================

Image Symbol Table

    Local Symbols

    Symbol Name                              Value     Ov Type        Size  Object(Section)

    RESET                                    0x00000000   Section       80  startup_cm3ds.o(RESET)
    ../clib/microlib/division.c              0x00000000   Number         0  uldiv.o ABSOLUTE
    ../clib/microlib/division.c              0x00000000   Number         0  uidiv.o ABSOLUTE
    ../clib/microlib/init/entry.s            0x00000000   Number         0  entry7b.o ABSOLUTE
    ../clib/microlib/init/entry.s            0x00000000   Number         0  entry.o ABSOLUTE
    ../clib/microlib/init/entry.s            0x00000000   Number         0  entry11b.o ABSOLUTE
    ../clib/microlib/init/entry.s            0x00000000   Number         0  entry9a.o ABSOLUTE
    ../clib/microlib/init/entry.s            0x00000000   Number         0  entry12b.o ABSOLUTE
    ../clib/microlib/init/entry.s            0x00000000   Number         0  entry12a.o ABSOLUTE
    ../clib/microlib/init/entry.s            0x00000000   Number         0  entry8a.o ABSOLUTE
    ../clib/microlib/init/entry.s            0x00000000   Number         0  entry8b.o ABSOLUTE
    ../clib/microlib/init/entry.s            0x00000000   Number         0  entry9b.o ABSOLUTE
    ../clib/microlib/init/entry.s            0x00000000   Number         0  entry10a.o ABSOLUTE
    ../clib/microlib/init/entry.s            0x00000000   Number         0  entry10b.o ABSOLUTE
    ../clib/microlib/init/entry.s            0x00000000   Number         0  entry11a.o ABSOLUTE
    ../clib/microlib/init/entry.s            0x00000000   Number         0  entry7a.o ABSOLUTE
    ../clib/microlib/init/entry.s            0x00000000   Number         0  entry5.o ABSOLUTE
    ../clib/microlib/init/entry.s            0x00000000   Number         0  entry2.o ABSOLUTE
    ../clib/microlib/longlong.c              0x00000000   Number         0  llsshr.o ABSOLUTE
    ../clib/microlib/longlong.c              0x00000000   Number         0  llushr.o ABSOLUTE
    ../clib/microlib/longlong.c              0x00000000   Number         0  llshl.o ABSOLUTE
    ../clib/microlib/printf/printf.c         0x00000000   Number         0  printf0.o ABSOLUTE
    ../clib/microlib/printf/printf.c         0x00000000   Number         0  printf8.o ABSOLUTE
    ../clib/microlib/printf/printf.c         0x00000000   Number         0  printf3.o ABSOLUTE
    ../clib/microlib/printf/printf.c         0x00000000   Number         0  printf2.o ABSOLUTE
    ../clib/microlib/printf/printf.c         0x00000000   Number         0  printfb.o ABSOLUTE
    ../clib/microlib/printf/printf.c         0x00000000   Number         0  printf1.o ABSOLUTE
    ../clib/microlib/printf/printf.c         0x00000000   Number         0  printfa.o ABSOLUTE
    ../clib/microlib/printf/printf.c         0x00000000   Number         0  printf7.o ABSOLUTE
    ../clib/microlib/printf/printf.c         0x00000000   Number         0  printf6.o ABSOLUTE
    ../clib/microlib/printf/printf.c         0x00000000   Number         0  printf5.o ABSOLUTE
    ../clib/microlib/printf/printf.c         0x00000000   Number         0  printf4.o ABSOLUTE
    ../clib/microlib/string/strlen.c         0x00000000   Number         0  strlen.o ABSOLUTE
    ../clib/microlib/stubs.s                 0x00000000   Number         0  iusefp.o ABSOLUTE
    ../fplib/microlib/fpadd.c                0x00000000   Number         0  dadd.o ABSOLUTE
    ../fplib/microlib/fpdiv.c                0x00000000   Number         0  ddiv.o ABSOLUTE
    ../fplib/microlib/fpepilogue.c           0x00000000   Number         0  depilogue.o ABSOLUTE
    ../fplib/microlib/fpfix.c                0x00000000   Number         0  dfixul.o ABSOLUTE
    ../fplib/microlib/fpmul.c                0x00000000   Number         0  dmul.o ABSOLUTE
    ..\Software\CortexM3_driver.c            0x00000000   Number         0  cortexm3_driver.o ABSOLUTE
    ..\Software\Retarget.c                   0x00000000   Number         0  retarget.o ABSOLUTE
    ..\Software\handler.c                    0x00000000   Number         0  handler.o ABSOLUTE
    ..\Software\main.c                       0x00000000   Number         0  main.o ABSOLUTE
    ..\Software\startup_CM3DS.s              0x00000000   Number         0  startup_cm3ds.o ABSOLUTE
    ..\Software\system.c                     0x00000000   Number         0  system.o ABSOLUTE
    ..\\Software\\CortexM3_driver.c          0x00000000   Number         0  cortexm3_driver.o ABSOLUTE
    ..\\Software\\Retarget.c                 0x00000000   Number         0  retarget.o ABSOLUTE
    ..\\Software\\handler.c                  0x00000000   Number         0  handler.o ABSOLUTE
    ..\\Software\\main.c                     0x00000000   Number         0  main.o ABSOLUTE
    ..\\Software\\system.c                   0x00000000   Number         0  system.o ABSOLUTE
    cdrcmple.s                               0x00000000   Number         0  cdrcmple.o ABSOLUTE
    dc.s                                     0x00000000   Number         0  dc.o ABSOLUTE
    handlers.s                               0x00000000   Number         0  handlers.o ABSOLUTE
    init.s                                   0x00000000   Number         0  init.o ABSOLUTE
    .ARM.Collect$$$$00000000                 0x00000050   Section        0  entry.o(.ARM.Collect$$$$00000000)
    .ARM.Collect$$$$00000001                 0x00000050   Section        4  entry2.o(.ARM.Collect$$$$00000001)
    .ARM.Collect$$$$00000004                 0x00000054   Section        4  entry5.o(.ARM.Collect$$$$00000004)
    .ARM.Collect$$$$00000008                 0x00000058   Section        0  entry7b.o(.ARM.Collect$$$$00000008)
    .ARM.Collect$$$$0000000A                 0x00000058   Section        0  entry8b.o(.ARM.Collect$$$$0000000A)
    .ARM.Collect$$$$0000000B                 0x00000058   Section        8  entry9a.o(.ARM.Collect$$$$0000000B)
    .ARM.Collect$$$$0000000E                 0x00000060   Section        4  entry12b.o(.ARM.Collect$$$$0000000E)
    .ARM.Collect$$$$0000000F                 0x00000064   Section        0  entry10a.o(.ARM.Collect$$$$0000000F)
    .ARM.Collect$$$$00000011                 0x00000064   Section        0  entry11a.o(.ARM.Collect$$$$00000011)
    .ARM.Collect$$$$00002712                 0x00000064   Section        4  entry2.o(.ARM.Collect$$$$00002712)
    __lit__00000000                          0x00000064   Data           4  entry2.o(.ARM.Collect$$$$00002712)
    .text                                    0x00000068   Section      120  startup_cm3ds.o(.text)
    .text                                    0x000000e0   Section       36  init.o(.text)
    i.BusFaultHandler                        0x00000104   Section        0  handler.o(i.BusFaultHandler)
    i.DebugMonHandler                        0x00000106   Section        0  handler.o(i.DebugMonHandler)
    i.HardFaultHandler                       0x00000108   Section        0  handler.o(i.HardFaultHandler)
    i.KEYHandler                             0x0000010c   Section        0  handler.o(i.KEYHandler)
    i.MemManageHandler                       0x0000014c   Section        0  handler.o(i.MemManageHandler)
    i.NMIHandler                             0x0000014e   Section        0  handler.o(i.NMIHandler)
    i.NVIC_EnableIRQ                         0x00000150   Section        0  system.o(i.NVIC_EnableIRQ)
    NVIC_EnableIRQ                           0x00000151   Thumb Code    22  system.o(i.NVIC_EnableIRQ)
    i.PendSVHandler                          0x00000166   Section        0  handler.o(i.PendSVHandler)
    i.SVCHandler                             0x00000168   Section        0  handler.o(i.SVCHandler)
    i.Set_SysTick_CTRL                       0x0000016a   Section        0  cortexm3_driver.o(i.Set_SysTick_CTRL)
    i.Set_SysTick_LOAD                       0x00000172   Section        0  cortexm3_driver.o(i.Set_SysTick_LOAD)
    i.Set_SysTick_VALUE                      0x0000017a   Section        0  cortexm3_driver.o(i.Set_SysTick_VALUE)
    i.SysTickHandler                         0x00000184   Section        0  handler.o(i.SysTickHandler)
    i.SystemInit                             0x000001a0   Section        0  system.o(i.SystemInit)
    i.UARTOVRHandler                         0x000001e4   Section        0  handler.o(i.UARTOVRHandler)
    i.UARTRXHandler                          0x000001e6   Section        0  handler.o(i.UARTRXHandler)
    i.UARTTXHandler                          0x000001e8   Section        0  handler.o(i.UARTTXHandler)
    i.UsageFaultHandler                      0x000001ea   Section        0  handler.o(i.UsageFaultHandler)
    i.__0printf$bare                         0x000001ec   Section        0  printfb.o(i.__0printf$bare)
    i.__scatterload_copy                     0x000001fc   Section       14  handlers.o(i.__scatterload_copy)
    i.__scatterload_null                     0x0000020a   Section        2  handlers.o(i.__scatterload_null)
    i.__scatterload_zeroinit                 0x0000020c   Section       14  handlers.o(i.__scatterload_zeroinit)
    i._printf_core                           0x0000021a   Section        0  printfb.o(i._printf_core)
    _printf_core                             0x0000021b   Thumb Code    34  printfb.o(i._printf_core)
    i.change_threshold                       0x0000023c   Section        0  cortexm3_driver.o(i.change_threshold)
    i.delay                                  0x00000248   Section        0  cortexm3_driver.o(i.delay)
    i.delay_1ms                              0x00000268   Section        0  cortexm3_driver.o(i.delay_1ms)
    i.disp_choice                            0x00000274   Section        0  cortexm3_driver.o(i.disp_choice)
    i.fputc                                  0x00000280   Section        0  retarget.o(i.fputc)
    i.main                                   0x000002a0   Section        0  main.o(i.main)
    i.send2LED                               0x00000390   Section        0  cortexm3_driver.o(i.send2LED)
    i.uart_SendChar                          0x0000039c   Section        0  cortexm3_driver.o(i.uart_SendChar)
    i.uart_init                              0x000003b0   Section        0  cortexm3_driver.o(i.uart_init)
    .data                                    0x20000000   Section        1  main.o(.data)
    .data                                    0x20000004   Section        8  retarget.o(.data)
    .data                                    0x2000000c   Section        4  system.o(.data)
    STACK                                    0x20000010   Section    32768  startup_cm3ds.o(STACK)

    Global Symbols

    Symbol Name                              Value     Ov Type        Size  Object(Section)

    BuildAttributes$$THM_ISAv4$P$D$K$B$S$PE$A:L22UL41UL21$X:L11$S22US41US21$IEEE1$IW$USESV6$~STKCKD$USESV7$~SHL$OSPACE$ROPI$EBA8$MICROLIB$REQ8$PRES8$EABIv2 0x00000000   Number         0  anon$$obj.o ABSOLUTE
    __ARM_use_no_argv                        0x00000000   Number         0  main.o ABSOLUTE
    __Vectors                                0x00000000   Data           4  startup_cm3ds.o(RESET)
    __arm_fini_                               - Undefined Weak Reference
    __cpp_initialize__aeabi_                  - Undefined Weak Reference
    __cxa_finalize                            - Undefined Weak Reference
    __decompress                              - Undefined Weak Reference
    _clock_init                               - Undefined Weak Reference
    _microlib_exit                            - Undefined Weak Reference
    __Vectors_End                            0x00000050   Data           0  startup_cm3ds.o(RESET)
    __Vectors_Size                           0x00000050   Number         0  startup_cm3ds.o ABSOLUTE
    __main                                   0x00000051   Thumb Code     0  entry.o(.ARM.Collect$$$$00000000)
    _main_stk                                0x00000051   Thumb Code     0  entry2.o(.ARM.Collect$$$$00000001)
    _main_scatterload                        0x00000055   Thumb Code     0  entry5.o(.ARM.Collect$$$$00000004)
    __main_after_scatterload                 0x00000059   Thumb Code     0  entry5.o(.ARM.Collect$$$$00000004)
    _main_clock                              0x00000059   Thumb Code     0  entry7b.o(.ARM.Collect$$$$00000008)
    _main_cpp_init                           0x00000059   Thumb Code     0  entry8b.o(.ARM.Collect$$$$0000000A)
    _main_init                               0x00000059   Thumb Code     0  entry9a.o(.ARM.Collect$$$$0000000B)
    __rt_lib_shutdown_fini                   0x00000061   Thumb Code     0  entry12b.o(.ARM.Collect$$$$0000000E)
    __rt_final_cpp                           0x00000065   Thumb Code     0  entry10a.o(.ARM.Collect$$$$0000000F)
    __rt_final_exit                          0x00000065   Thumb Code     0  entry11a.o(.ARM.Collect$$$$00000011)
    Reset_Handler                            0x00000069   Thumb Code     8  startup_cm3ds.o(.text)
    NMI_Handler                              0x00000071   Thumb Code     8  startup_cm3ds.o(.text)
    HardFault_Handler                        0x00000079   Thumb Code     8  startup_cm3ds.o(.text)
    MemManage_Handler                        0x00000081   Thumb Code     8  startup_cm3ds.o(.text)
    BusFault_Handler                         0x00000089   Thumb Code     8  startup_cm3ds.o(.text)
    UsageFault_Handler                       0x00000091   Thumb Code     8  startup_cm3ds.o(.text)
    SVC_Handler                              0x00000099   Thumb Code     8  startup_cm3ds.o(.text)
    DebugMon_Handler                         0x000000a1   Thumb Code     8  startup_cm3ds.o(.text)
    PendSV_Handler                           0x000000a9   Thumb Code     8  startup_cm3ds.o(.text)
    SysTick_Handler                          0x000000b1   Thumb Code     8  startup_cm3ds.o(.text)
    UARTRX_Handler                           0x000000b9   Thumb Code     8  startup_cm3ds.o(.text)
    UARTTX_Handler                           0x000000c1   Thumb Code     8  startup_cm3ds.o(.text)
    UARTOVR_Handler                          0x000000c9   Thumb Code     8  startup_cm3ds.o(.text)
    KEY_Handler                              0x000000d1   Thumb Code     8  startup_cm3ds.o(.text)
    __scatterload                            0x000000e1   Thumb Code    28  init.o(.text)
    __scatterload_rt2                        0x000000e1   Thumb Code     0  init.o(.text)
    BusFaultHandler                          0x00000105   Thumb Code     2  handler.o(i.BusFaultHandler)
    DebugMonHandler                          0x00000107   Thumb Code     2  handler.o(i.DebugMonHandler)
    HardFaultHandler                         0x00000109   Thumb Code     2  handler.o(i.HardFaultHandler)
    KEYHandler                               0x0000010d   Thumb Code    36  handler.o(i.KEYHandler)
    MemManageHandler                         0x0000014d   Thumb Code     2  handler.o(i.MemManageHandler)
    NMIHandler                               0x0000014f   Thumb Code     2  handler.o(i.NMIHandler)
    PendSVHandler                            0x00000167   Thumb Code     2  handler.o(i.PendSVHandler)
    SVCHandler                               0x00000169   Thumb Code     2  handler.o(i.SVCHandler)
    Set_SysTick_CTRL                         0x0000016b   Thumb Code     8  cortexm3_driver.o(i.Set_SysTick_CTRL)
    Set_SysTick_LOAD                         0x00000173   Thumb Code     8  cortexm3_driver.o(i.Set_SysTick_LOAD)
    Set_SysTick_VALUE                        0x0000017b   Thumb Code     8  cortexm3_driver.o(i.Set_SysTick_VALUE)
    SysTickHandler                           0x00000185   Thumb Code    22  handler.o(i.SysTickHandler)
    SystemInit                               0x000001a1   Thumb Code    58  system.o(i.SystemInit)
    UARTOVRHandler                           0x000001e5   Thumb Code     2  handler.o(i.UARTOVRHandler)
    UARTRXHandler                            0x000001e7   Thumb Code     2  handler.o(i.UARTRXHandler)
    UARTTXHandler                            0x000001e9   Thumb Code     2  handler.o(i.UARTTXHandler)
    UsageFaultHandler                        0x000001eb   Thumb Code     2  handler.o(i.UsageFaultHandler)
    __0printf$bare                           0x000001ed   Thumb Code     8  printfb.o(i.__0printf$bare)
    __1printf$bare                           0x000001ed   Thumb Code     0  printfb.o(i.__0printf$bare)
    __2printf                                0x000001ed   Thumb Code     0  printfb.o(i.__0printf$bare)
    __scatterload_copy                       0x000001fd   Thumb Code    14  handlers.o(i.__scatterload_copy)
    __scatterload_null                       0x0000020b   Thumb Code     2  handlers.o(i.__scatterload_null)
    __scatterload_zeroinit                   0x0000020d   Thumb Code    14  handlers.o(i.__scatterload_zeroinit)
    change_threshold                         0x0000023d   Thumb Code     6  cortexm3_driver.o(i.change_threshold)
    delay                                    0x00000249   Thumb Code    32  cortexm3_driver.o(i.delay)
    delay_1ms                                0x00000269   Thumb Code    12  cortexm3_driver.o(i.delay_1ms)
    disp_choice                              0x00000275   Thumb Code     6  cortexm3_driver.o(i.disp_choice)
    fputc                                    0x00000281   Thumb Code    32  retarget.o(i.fputc)
    main                                     0x000002a1   Thumb Code   150  main.o(i.main)
    send2LED                                 0x00000391   Thumb Code     6  cortexm3_driver.o(i.send2LED)
    uart_SendChar                            0x0000039d   Thumb Code    20  cortexm3_driver.o(i.uart_SendChar)
    uart_init                                0x000003b1   Thumb Code    88  cortexm3_driver.o(i.uart_init)
    Region$$Table$$Base                      0x00000408   Number         0  anon$$obj.o(Region$$Table)
    Region$$Table$$Limit                     0x00000428   Number         0  anon$$obj.o(Region$$Table)
    disp_flag                                0x20000000   Data           1  main.o(.data)
    __stdout                                 0x20000004   Data           4  retarget.o(.data)
    __stdin                                  0x20000008   Data           4  retarget.o(.data)
    SystemCoreClock                          0x2000000c   Data           4  system.o(.data)
    __initial_sp                             0x20008010   Data           0  startup_cm3ds.o(STACK)



==============================================================================

Memory Map of the image

  Image Entry point : 0x00000051

  Load Region LR_IROM1 (Base: 0x00000000, Size: 0x00000438, Max: 0x00010000, ABSOLUTE)

    Execution Region ER_IROM1 (Exec base: 0x00000000, Load base: 0x00000000, Size: 0x00000428, Max: 0x00010000, ABSOLUTE)

    Exec Addr    Load Addr    Size         Type   Attr      Idx    E Section Name        Object

    0x00000000   0x00000000   0x00000050   Data   RO          357    RESET               startup_cm3ds.o
    0x00000050   0x00000050   0x00000000   Code   RO          400  * .ARM.Collect$$$$00000000  mc_w.l(entry.o)
    0x00000050   0x00000050   0x00000004   Code   RO          665    .ARM.Collect$$$$00000001  mc_w.l(entry2.o)
    0x00000054   0x00000054   0x00000004   Code   RO          668    .ARM.Collect$$$$00000004  mc_w.l(entry5.o)
    0x00000058   0x00000058   0x00000000   Code   RO          670    .ARM.Collect$$$$00000008  mc_w.l(entry7b.o)
    0x00000058   0x00000058   0x00000000   Code   RO          672    .ARM.Collect$$$$0000000A  mc_w.l(entry8b.o)
    0x00000058   0x00000058   0x00000008   Code   RO          673    .ARM.Collect$$$$0000000B  mc_w.l(entry9a.o)
    0x00000060   0x00000060   0x00000004   Code   RO          680    .ARM.Collect$$$$0000000E  mc_w.l(entry12b.o)
    0x00000064   0x00000064   0x00000000   Code   RO          675    .ARM.Collect$$$$0000000F  mc_w.l(entry10a.o)
    0x00000064   0x00000064   0x00000000   Code   RO          677    .ARM.Collect$$$$00000011  mc_w.l(entry11a.o)
    0x00000064   0x00000064   0x00000004   Code   RO          666    .ARM.Collect$$$$00002712  mc_w.l(entry2.o)
    0x00000068   0x00000068   0x00000078   Code   RO          358    .text               startup_cm3ds.o
    0x000000e0   0x000000e0   0x00000024   Code   RO          696    .text               mc_w.l(init.o)
    0x00000104   0x00000104   0x00000002   Code   RO          187    i.BusFaultHandler   handler.o
    0x00000106   0x00000106   0x00000002   Code   RO          188    i.DebugMonHandler   handler.o
    0x00000108   0x00000108   0x00000002   Code   RO          189    i.HardFaultHandler  handler.o
    0x0000010a   0x0000010a   0x00000002   PAD
    0x0000010c   0x0000010c   0x00000040   Code   RO          190    i.KEYHandler        handler.o
    0x0000014c   0x0000014c   0x00000002   Code   RO          191    i.MemManageHandler  handler.o
    0x0000014e   0x0000014e   0x00000002   Code   RO          192    i.NMIHandler        handler.o
    0x00000150   0x00000150   0x00000016   Code   RO          364    i.NVIC_EnableIRQ    system.o
    0x00000166   0x00000166   0x00000002   Code   RO          193    i.PendSVHandler     handler.o
    0x00000168   0x00000168   0x00000002   Code   RO          194    i.SVCHandler        handler.o
    0x0000016a   0x0000016a   0x00000008   Code   RO            4    i.Set_SysTick_CTRL  cortexm3_driver.o
    0x00000172   0x00000172   0x00000008   Code   RO            5    i.Set_SysTick_LOAD  cortexm3_driver.o
    0x0000017a   0x0000017a   0x00000008   Code   RO            6    i.Set_SysTick_VALUE  cortexm3_driver.o
    0x00000182   0x00000182   0x00000002   PAD
    0x00000184   0x00000184   0x0000001c   Code   RO          195    i.SysTickHandler    handler.o
    0x000001a0   0x000001a0   0x00000044   Code   RO          366    i.SystemInit        system.o
    0x000001e4   0x000001e4   0x00000002   Code   RO          196    i.UARTOVRHandler    handler.o
    0x000001e6   0x000001e6   0x00000002   Code   RO          197    i.UARTRXHandler     handler.o
    0x000001e8   0x000001e8   0x00000002   Code   RO          198    i.UARTTXHandler     handler.o
    0x000001ea   0x000001ea   0x00000002   Code   RO          199    i.UsageFaultHandler  handler.o
    0x000001ec   0x000001ec   0x00000010   Code   RO          406    i.__0printf$bare    mc_w.l(printfb.o)
    0x000001fc   0x000001fc   0x0000000e   Code   RO          708    i.__scatterload_copy  mc_w.l(handlers.o)
    0x0000020a   0x0000020a   0x00000002   Code   RO          709    i.__scatterload_null  mc_w.l(handlers.o)
    0x0000020c   0x0000020c   0x0000000e   Code   RO          710    i.__scatterload_zeroinit  mc_w.l(handlers.o)
    0x0000021a   0x0000021a   0x00000022   Code   RO          413    i._printf_core      mc_w.l(printfb.o)
    0x0000023c   0x0000023c   0x0000000c   Code   RO            9    i.change_threshold  cortexm3_driver.o
    0x00000248   0x00000248   0x00000020   Code   RO           10    i.delay             cortexm3_driver.o
    0x00000268   0x00000268   0x0000000c   Code   RO           11    i.delay_1ms         cortexm3_driver.o
    0x00000274   0x00000274   0x0000000c   Code   RO           12    i.disp_choice       cortexm3_driver.o
    0x00000280   0x00000280   0x00000020   Code   RO          309    i.fputc             retarget.o
    0x000002a0   0x000002a0   0x000000f0   Code   RO          279    i.main              main.o
    0x00000390   0x00000390   0x0000000c   Code   RO           13    i.send2LED          cortexm3_driver.o
    0x0000039c   0x0000039c   0x00000014   Code   RO           24    i.uart_SendChar     cortexm3_driver.o
    0x000003b0   0x000003b0   0x00000058   Code   RO           26    i.uart_init         cortexm3_driver.o
    0x00000408   0x00000408   0x00000020   Data   RO          706    Region$$Table       anon$$obj.o


    Execution Region RW_IRAM1 (Exec base: 0x20000000, Load base: 0x00000428, Size: 0x00008010, Max: 0x00010000, ABSOLUTE)

    Exec Addr    Load Addr    Size         Type   Attr      Idx    E Section Name        Object

    0x20000000   0x00000428   0x00000001   Data   RW          280    .data               main.o
    0x20000001   0x00000429   0x00000003   PAD
    0x20000004   0x0000042c   0x00000008   Data   RW          310    .data               retarget.o
    0x2000000c   0x00000434   0x00000004   Data   RW          367    .data               system.o
    0x20000010        -       0x00008000   Zero   RW          355    STACK               startup_cm3ds.o


==============================================================================

Image component sizes


      Code (inc. data)   RO Data    RW Data    ZI Data      Debug   Object Name

       212         18          0          0          0      12822   cortexm3_driver.o
       114         34          0          0          0       5287   handler.o
       240         90          0          1          0        943   main.o
        32          0          0          8          0       2496   retarget.o
       120          8         80          0      32768        936   startup_cm3ds.o
        90         10          0          4          0      24658   system.o

    ----------------------------------------------------------------------
       812        160        112         16      32768      47142   Object Totals
         0          0         32          0          0          0   (incl. Generated)
         4          0          0          3          0          0   (incl. Padding)

    ----------------------------------------------------------------------

      Code (inc. data)   RO Data    RW Data    ZI Data      Debug   Library Member Name

         0          0          0          0          0          0   entry.o
         0          0          0          0          0          0   entry10a.o
         0          0          0          0          0          0   entry11a.o
         4          0          0          0          0          0   entry12b.o
         8          4          0          0          0          0   entry2.o
         4          0          0          0          0          0   entry5.o
         0          0          0          0          0          0   entry7b.o
         0          0          0          0          0          0   entry8b.o
         8          4          0          0          0          0   entry9a.o
        30          0          0          0          0          0   handlers.o
        36          8          0          0          0         68   init.o
        50          8          0          0          0        152   printfb.o

    ----------------------------------------------------------------------
       140         24          0          0          0        220   Library Totals
         0          0          0          0          0          0   (incl. Padding)

    ----------------------------------------------------------------------

      Code (inc. data)   RO Data    RW Data    ZI Data      Debug   Library Name

       140         24          0          0          0        220   mc_w.l

    ----------------------------------------------------------------------
       140         24          0          0          0        220   Library Totals

    ----------------------------------------------------------------------

==============================================================================


      Code (inc. data)   RO Data    RW Data    ZI Data      Debug   

       952        184        112         16      32768      46214   Grand Totals
       952        184        112         16      32768      46214   ELF Image Totals
       952        184        112         16          0          0   ROM Totals

==============================================================================

    Total RO  Size (Code + RO Data)                 1064 (   1.04kB)
    Total RW  Size (RW Data + ZI Data)             32784 (  32.02kB)
    Total ROM Size (Code + RO Data + RW Data)       1080 (   1.05kB)

==============================================================================

